version: 1.0
width: 40
height: 40
layers:
- name: floor
  tiles:
    1|1: dirt
    1|2: dirt
    1|3: dirt
    1|4: dirt
    1|5: dirt
    1|6: dirt
    1|7: dirt
    1|8: dirt
    1|9: dirt
    1|10: dirt
    1|11: dirt
    1|12: dirt
    1|13: dirt
    1|14: dirt
    1|15: dirt
    1|16: dirt
    1|17: dirt
    1|18: dirt
    1|19: dirt
    1|20: dirt
    1|21: dirt
    1|22: dirt
    1|23: dirt
    1|24: dirt
    1|25: dirt
    1|26: dirt
    1|27: dirt
    1|28: dirt
    1|29: dirt
    1|30: dirt
    1|31: dirt
    1|32: dirt
    1|33: dirt
    1|34: dirt
    1|35: dirt
    1|36: dirt
    1|37: dirt
    1|38: dirt
    1|39: dirt
    1|40: dirt
    2|1: dirt
    2|2: dirt
    2|3: dirt
    2|4: dirt
    2|5: dirt
    2|6: dirt
    2|7: dirt
    2|8: dirt
    2|9: dirt
    2|10: dirt
    2|11: dirt
    2|12: dirt
    2|13: dirt
    2|14: dirt
    2|15: dirt
    2|16: dirt
    2|17: dirt
    2|18: dirt
    2|19: dirt
    2|20: dirt
    2|21: dirt
    2|22: dirt
    2|23: dirt
    2|24: dirt
    2|25: dirt
    2|26: dirt
    2|27: dirt
    2|28: dirt
    2|29: dirt
    2|30: dirt
    2|31: dirt
    2|32: dirt
    2|33: dirt
    2|34: dirt
    2|35: dirt
    2|36: dirt
    2|37: dirt
    2|38: dirt
    2|39: dirt
    2|40: dirt
    3|1: dirt
    3|2: dirt
    3|3: dirt
    3|4: dirt
    3|5: dirt
    3|6: dirt
    3|7: dirt
    3|8: dirt
    3|9: dirt
    3|10: dirt
    3|11: dirt
    3|12: dirt
    3|13: dirt
    3|14: dirt
    3|15: dirt
    3|16: dirt
    3|17: dirt
    3|18: dirt
    3|19: dirt
    3|20: dirt
    3|21: dirt
    3|22: dirt
    3|23: dirt
    3|24: dirt
    3|25: dirt
    3|26: dirt
    3|27: dirt
    3|28: dirt
    3|29: dirt
    3|30: dirt
    3|31: dirt
    3|32: dirt
    3|33: dirt
    3|34: dirt
    3|35: dirt
    3|36: dirt
    3|37: dirt
    3|38: dirt
    3|39: dirt
    3|40: dirt
    4|1: dirt
    4|2: dirt
    4|3: dirt
    4|4: dirt
    4|5: dirt
    4|6: dirt
    4|7: dirt
    4|8: dirt
    4|9: dirt
    4|10: dirt
    4|11: dirt
    4|12: dirt
    4|13: dirt
    4|14: dirt
    4|15: dirt
    4|16: dirt
    4|17: dirt
    4|18: dirt
    4|19: dirt
    4|20: dirt
    4|21: dirt
    4|22: dirt
    4|23: dirt
    4|24: dirt
    4|25: dirt
    4|26: dirt
    4|27: dirt
    4|28: dirt
    4|29: dirt
    4|30: dirt
    4|31: dirt
    4|32: dirt
    4|33: dirt
    4|34: dirt
    4|35: dirt
    4|36: dirt
    4|37: dirt
    4|38: dirt
    4|39: dirt
    4|40: dirt
    5|1: dirt
    5|2: dirt
    5|3: dirt
    5|4: dirt
    5|5: dirt
    5|6: dirt
    5|7: dirt
    5|8: dirt
    5|9: dirt
    5|10: dirt
    5|11: dirt
    5|12: dirt
    5|13: dirt
    5|14: dirt
    5|15: dirt
    5|16: dirt
    5|17: dirt
    5|18: dirt
    5|19: dirt
    5|20: dirt
    5|21: dirt
    5|22: dirt
    5|23: dirt
    5|24: dirt
    5|25: dirt
    5|26: dirt
    5|27: dirt
    5|28: dirt
    5|29: dirt
    5|30: dirt
    5|31: dirt
    5|32: dirt
    5|33: dirt
    5|34: dirt
    5|35: dirt
    5|36: dirt
    5|37: dirt
    5|38: dirt
    5|39: dirt
    5|40: dirt
    6|1: dirt
    6|2: dirt
    6|3: dirt
    6|4: dirt
    6|5: dirt
    6|6: dirt
    6|7: dirt
    6|8: dirt
    6|9: dirt
    6|10: dirt
    6|11: dirt
    6|12: dirt
    6|13: dirt
    6|14: dirt
    6|15: dirt
    6|16: dirt
    6|17: dirt
    6|18: dirt
    6|19: dirt
    6|20: dirt
    6|21: dirt
    6|22: dirt
    6|23: dirt
    6|24: dirt
    6|25: dirt
    6|26: dirt
    6|27: dirt
    6|28: dirt
    6|29: dirt
    6|30: dirt
    6|31: dirt
    6|32: dirt
    6|33: dirt
    6|34: dirt
    6|35: dirt
    6|36: dirt
    6|37: dirt
    6|38: dirt
    6|39: dirt
    6|40: dirt
    7|1: dirt
    7|2: dirt
    7|3: dirt
    7|4: dirt
    7|5: dirt
    7|6: dirt
    7|7: dirt
    7|8: dirt
    7|9: dirt
    7|10: dirt
    7|11: dirt
    7|12: dirt
    7|13: dirt
    7|14: dirt
    7|15: dirt
    7|16: dirt
    7|17: dirt
    7|18: dirt
    7|19: dirt
    7|20: dirt
    7|21: dirt
    7|22: dirt
    7|23: dirt
    7|24: dirt
    7|25: dirt
    7|26: dirt
    7|27: dirt
    7|28: dirt
    7|29: dirt
    7|30: dirt
    7|31: dirt
    7|32: dirt
    7|33: dirt
    7|34: dirt
    7|35: dirt
    7|36: dirt
    7|37: dirt
    7|38: dirt
    7|39: dirt
    7|40: dirt
    8|1: dirt
    8|2: dirt
    8|3: dirt
    8|4: dirt
    8|5: dirt
    8|6: dirt
    8|7: dirt
    8|8: dirt
    8|9: dirt
    8|10: dirt
    8|11: dirt
    8|12: dirt
    8|13: dirt
    8|14: dirt
    8|15: dirt
    8|16: dirt
    8|17: dirt
    8|18: dirt
    8|19: dirt
    8|20: dirt
    8|21: dirt
    8|22: dirt
    8|23: dirt
    8|24: dirt
    8|25: dirt
    8|26: dirt
    8|27: dirt
    8|28: dirt
    8|29: dirt
    8|30: dirt
    8|31: dirt
    8|32: dirt
    8|33: dirt
    8|34: dirt
    8|35: dirt
    8|36: dirt
    8|37: dirt
    8|38: dirt
    8|39: dirt
    8|40: dirt
    9|1: dirt
    9|2: dirt
    9|3: dirt
    9|4: dirt
    9|5: dirt
    9|6: dirt
    9|7: dirt
    9|8: dirt
    9|9: dirt
    9|10: dirt
    9|11: dirt
    9|12: dirt
    9|13: dirt
    9|14: dirt
    9|15: dirt
    9|16: dirt
    9|17: dirt
    9|18: dirt
    9|19: dirt
    9|20: dirt
    9|21: dirt
    9|22: dirt
    9|23: dirt
    9|24: dirt
    9|25: dirt
    9|26: dirt
    9|27: dirt
    9|28: dirt
    9|29: dirt
    9|30: dirt
    9|31: dirt
    9|32: dirt
    9|33: dirt
    9|34: dirt
    9|35: dirt
    9|36: dirt
    9|37: dirt
    9|38: dirt
    9|39: dirt
    9|40: dirt
    10|1: dirt
    10|2: dirt
    10|3: dirt
    10|4: dirt
    10|5: dirt
    10|6: dirt
    10|7: dirt
    10|8: dirt
    10|9: dirt
    10|10: dirt
    10|11: dirt
    10|12: dirt
    10|13: dirt
    10|14: dirt
    10|15: dirt
    10|16: dirt
    10|17: dirt
    10|18: dirt
    10|19: dirt
    10|20: dirt
    10|21: dirt
    10|22: dirt
    10|23: dirt
    10|24: dirt
    10|25: dirt
    10|26: dirt
    10|27: dirt
    10|28: dirt
    10|29: dirt
    10|30: dirt
    10|31: dirt
    10|32: dirt
    10|33: dirt
    10|34: dirt
    10|35: dirt
    10|36: dirt
    10|37: dirt
    10|38: dirt
    10|39: dirt
    10|40: dirt
    11|1: dirt
    11|2: dirt
    11|3: dirt
    11|4: dirt
    11|5: dirt
    11|6: dirt
    11|7: dirt
    11|8: dirt
    11|9: dirt
    11|10: dirt
    11|11: dirt
    11|12: dirt
    11|13: dirt
    11|14: dirt
    11|15: dirt
    11|16: dirt
    11|17: dirt
    11|18: dirt
    11|19: dirt
    11|20: dirt
    11|21: dirt
    11|22: dirt
    11|23: dirt
    11|24: dirt
    11|25: dirt
    11|26: dirt
    11|27: dirt
    11|28: dirt
    11|29: dirt
    11|30: dirt
    11|31: dirt
    11|32: dirt
    11|33: dirt
    11|34: dirt
    11|35: dirt
    11|36: dirt
    11|37: dirt
    11|38: dirt
    11|39: dirt
    11|40: dirt
    12|1: dirt
    12|2: dirt
    12|3: dirt
    12|4: dirt
    12|5: dirt
    12|6: dirt
    12|7: dirt
    12|8: dirt
    12|9: dirt
    12|10: dirt
    12|11: dirt
    12|12: dirt
    12|13: dirt
    12|14: dirt
    12|15: dirt
    12|16: dirt
    12|17: dirt
    12|18: dirt
    12|19: dirt
    12|20: dirt
    12|21: dirt
    12|22: dirt
    12|23: dirt
    12|24: dirt
    12|25: dirt
    12|26: dirt
    12|27: dirt
    12|28: dirt
    12|29: dirt
    12|30: dirt
    12|31: dirt
    12|32: dirt
    12|33: dirt
    12|34: dirt
    12|35: dirt
    12|36: dirt
    12|37: dirt
    12|38: dirt
    12|39: dirt
    12|40: dirt
    13|1: dirt
    13|2: dirt
    13|3: dirt
    13|4: dirt
    13|5: dirt
    13|6: dirt
    13|7: dirt
    13|8: dirt
    13|9: dirt
    13|10: dirt
    13|11: dirt
    13|12: dirt
    13|13: dirt
    13|14: dirt
    13|15: dirt
    13|16: dirt
    13|17: dirt
    13|18: dirt
    13|19: dirt
    13|20: dirt
    13|21: dirt
    13|22: dirt
    13|23: dirt
    13|24: dirt
    13|25: dirt
    13|26: dirt
    13|27: dirt
    13|28: dirt
    13|29: dirt
    13|30: dirt
    13|31: dirt
    13|32: dirt
    13|33: dirt
    13|34: dirt
    13|35: dirt
    13|36: dirt
    13|37: dirt
    13|38: dirt
    13|39: dirt
    13|40: dirt
    14|1: dirt
    14|2: dirt
    14|3: dirt
    14|4: dirt
    14|5: dirt
    14|6: dirt
    14|7: dirt
    14|8: dirt
    14|9: dirt
    14|10: dirt
    14|11: dirt
    14|12: dirt
    14|13: dirt
    14|14: dirt
    14|15: dirt
    14|16: dirt
    14|17: dirt
    14|18: dirt
    14|19: dirt
    14|20: dirt
    14|21: dirt
    14|22: dirt
    14|23: dirt
    14|24: dirt
    14|25: dirt
    14|26: dirt
    14|27: dirt
    14|28: dirt
    14|29: dirt
    14|30: dirt
    14|31: dirt
    14|32: dirt
    14|33: dirt
    14|34: dirt
    14|35: dirt
    14|36: dirt
    14|37: dirt
    14|38: dirt
    14|39: dirt
    14|40: dirt
    15|1: dirt
    15|2: dirt
    15|3: dirt
    15|4: dirt
    15|5: dirt
    15|6: dirt
    15|7: dirt
    15|8: dirt
    15|9: dirt
    15|10: dirt
    15|11: dirt
    15|12: dirt
    15|13: dirt
    15|14: dirt
    15|15: dirt
    15|16: dirt
    15|17: dirt
    15|18: dirt
    15|19: dirt
    15|20: dirt
    15|21: dirt
    15|22: dirt
    15|23: dirt
    15|24: dirt
    15|25: dirt
    15|26: dirt
    15|27: dirt
    15|28: dirt
    15|29: dirt
    15|30: dirt
    15|31: dirt
    15|32: dirt
    15|33: dirt
    15|34: dirt
    15|35: dirt
    15|36: dirt
    15|37: dirt
    15|38: dirt
    15|39: dirt
    15|40: dirt
    16|1: dirt
    16|2: dirt
    16|3: dirt
    16|4: dirt
    16|5: dirt
    16|6: dirt
    16|7: dirt
    16|8: dirt
    16|9: dirt
    16|10: dirt
    16|11: dirt
    16|12: dirt
    16|13: dirt
    16|14: dirt
    16|15: dirt
    16|16: dirt
    16|17: dirt
    16|18: dirt
    16|19: dirt
    16|20: dirt
    16|21: dirt
    16|22: dirt
    16|23: dirt
    16|24: dirt
    16|25: dirt
    16|26: dirt
    16|27: dirt
    16|28: dirt
    16|29: dirt
    16|30: dirt
    16|31: dirt
    16|32: dirt
    16|33: dirt
    16|34: dirt
    16|35: dirt
    16|36: dirt
    16|37: dirt
    16|38: dirt
    16|39: dirt
    16|40: dirt
    17|1: dirt
    17|2: dirt
    17|3: dirt
    17|4: dirt
    17|5: dirt
    17|6: dirt
    17|7: dirt
    17|8: dirt
    17|9: dirt
    17|10: dirt
    17|11: dirt
    17|12: dirt
    17|13: dirt
    17|14: dirt
    17|15: dirt
    17|16: dirt
    17|17: dirt
    17|18: dirt
    17|19: dirt
    17|20: dirt
    17|21: dirt
    17|22: dirt
    17|23: dirt
    17|24: dirt
    17|25: dirt
    17|26: dirt
    17|27: dirt
    17|28: dirt
    17|29: dirt
    17|30: dirt
    17|31: dirt
    17|32: dirt
    17|33: dirt
    17|34: dirt
    17|35: dirt
    17|36: dirt
    17|37: dirt
    17|38: dirt
    17|39: dirt
    17|40: dirt
    18|1: dirt
    18|2: dirt
    18|3: dirt
    18|4: dirt
    18|5: dirt
    18|6: dirt
    18|7: dirt
    18|8: dirt
    18|9: dirt
    18|10: dirt
    18|11: dirt
    18|12: dirt
    18|13: dirt
    18|14: dirt
    18|15: dirt
    18|16: dirt
    18|17: dirt
    18|18: dirt
    18|19: dirt
    18|20: dirt
    18|21: dirt
    18|22: dirt
    18|23: dirt
    18|24: dirt
    18|25: dirt
    18|26: dirt
    18|27: dirt
    18|28: dirt
    18|29: dirt
    18|30: dirt
    18|31: dirt
    18|32: dirt
    18|33: dirt
    18|34: dirt
    18|35: dirt
    18|36: dirt
    18|37: dirt
    18|38: dirt
    18|39: dirt
    18|40: dirt
    19|1: dirt
    19|2: dirt
    19|3: dirt
    19|4: dirt
    19|5: dirt
    19|6: dirt
    19|7: dirt
    19|8: dirt
    19|9: dirt
    19|10: dirt
    19|11: dirt
    19|12: dirt
    19|13: dirt
    19|14: dirt
    19|15: dirt
    19|16: dirt
    19|17: dirt
    19|18: dirt
    19|19: dirt
    19|20: dirt
    19|21: dirt
    19|22: dirt
    19|23: dirt
    19|24: dirt
    19|25: dirt
    19|26: dirt
    19|27: dirt
    19|28: dirt
    19|29: dirt
    19|30: dirt
    19|31: dirt
    19|32: dirt
    19|33: dirt
    19|34: dirt
    19|35: dirt
    19|36: dirt
    19|37: dirt
    19|38: dirt
    19|39: dirt
    19|40: dirt
    20|1: dirt
    20|2: dirt
    20|3: dirt
    20|4: dirt
    20|5: dirt
    20|6: dirt
    20|7: dirt
    20|8: dirt
    20|9: dirt
    20|10: dirt
    20|11: dirt
    20|12: dirt
    20|13: dirt
    20|14: dirt
    20|15: dirt
    20|16: dirt
    20|17: dirt
    20|18: dirt
    20|19: dirt
    20|20: dirt
    20|21: dirt
    20|22: dirt
    20|23: dirt
    20|24: dirt
    20|25: dirt
    20|26: dirt
    20|27: dirt
    20|28: dirt
    20|29: dirt
    20|30: dirt
    20|31: dirt
    20|32: dirt
    20|33: dirt
    20|34: dirt
    20|35: dirt
    20|36: dirt
    20|37: dirt
    20|38: dirt
    20|39: dirt
    20|40: dirt
    21|1: dirt
    21|2: dirt
    21|3: dirt
    21|4: dirt
    21|5: dirt
    21|6: dirt
    21|7: dirt
    21|8: dirt
    21|9: dirt
    21|10: dirt
    21|11: dirt
    21|12: dirt
    21|13: dirt
    21|14: dirt
    21|15: dirt
    21|16: dirt
    21|17: dirt
    21|18: dirt
    21|19: dirt
    21|20: dirt
    21|21: dirt
    21|22: dirt
    21|23: dirt
    21|24: dirt
    21|25: dirt
    21|26: dirt
    21|27: dirt
    21|28: dirt
    21|29: dirt
    21|30: dirt
    21|31: dirt
    21|32: dirt
    21|33: dirt
    21|34: dirt
    21|35: dirt
    21|36: dirt
    21|37: dirt
    21|38: dirt
    21|39: dirt
    21|40: dirt
    22|1: dirt
    22|2: dirt
    22|3: dirt
    22|4: dirt
    22|5: dirt
    22|6: dirt
    22|7: dirt
    22|8: dirt
    22|9: dirt
    22|10: dirt
    22|11: dirt
    22|12: dirt
    22|13: dirt
    22|14: dirt
    22|15: dirt
    22|16: dirt
    22|17: dirt
    22|18: dirt
    22|19: dirt
    22|20: dirt
    22|21: dirt
    22|22: dirt
    22|23: dirt
    22|24: dirt
    22|25: dirt
    22|26: dirt
    22|27: dirt
    22|28: dirt
    22|29: dirt
    22|30: dirt
    22|31: dirt
    22|32: dirt
    22|33: dirt
    22|34: dirt
    22|35: dirt
    22|36: dirt
    22|37: dirt
    22|38: dirt
    22|39: dirt
    22|40: dirt
    23|1: dirt
    23|2: dirt
    23|3: dirt
    23|4: dirt
    23|5: dirt
    23|6: dirt
    23|7: dirt
    23|8: dirt
    23|9: dirt
    23|10: dirt
    23|11: dirt
    23|12: dirt
    23|13: dirt
    23|14: dirt
    23|15: dirt
    23|16: dirt
    23|17: dirt
    23|18: dirt
    23|19: dirt
    23|20: dirt
    23|21: dirt
    23|22: dirt
    23|23: dirt
    23|24: dirt
    23|25: dirt
    23|26: dirt
    23|27: dirt
    23|28: dirt
    23|29: dirt
    23|30: dirt
    23|31: dirt
    23|32: dirt
    23|33: dirt
    23|34: dirt
    23|35: dirt
    23|36: dirt
    23|37: dirt
    23|38: dirt
    23|39: dirt
    23|40: dirt
    24|1: dirt
    24|2: dirt
    24|3: dirt
    24|4: dirt
    24|5: dirt
    24|6: dirt
    24|7: dirt
    24|8: dirt
    24|9: dirt
    24|10: dirt
    24|11: dirt
    24|12: dirt
    24|13: dirt
    24|14: dirt
    24|15: dirt
    24|16: dirt
    24|17: dirt
    24|18: dirt
    24|19: dirt
    24|20: dirt
    24|21: dirt
    24|22: dirt
    24|23: dirt
    24|24: dirt
    24|25: dirt
    24|26: dirt
    24|27: dirt
    24|28: dirt
    24|29: dirt
    24|30: dirt
    24|31: dirt
    24|32: dirt
    24|33: dirt
    24|34: dirt
    24|35: dirt
    24|36: dirt
    24|37: dirt
    24|38: dirt
    24|39: dirt
    24|40: dirt
    25|1: dirt
    25|2: dirt
    25|3: dirt
    25|4: dirt
    25|5: dirt
    25|6: dirt
    25|7: dirt
    25|8: dirt
    25|9: dirt
    25|10: dirt
    25|11: dirt
    25|12: dirt
    25|13: dirt
    25|14: dirt
    25|15: dirt
    25|16: dirt
    25|17: dirt
    25|18: dirt
    25|19: dirt
    25|20: dirt
    25|21: dirt
    25|22: dirt
    25|23: dirt
    25|24: dirt
    25|25: dirt
    25|26: dirt
    25|27: dirt
    25|28: dirt
    25|29: dirt
    25|30: dirt
    25|31: dirt
    25|32: dirt
    25|33: dirt
    25|34: dirt
    25|35: dirt
    25|36: dirt
    25|37: dirt
    25|38: dirt
    25|39: dirt
    25|40: dirt
    26|1: dirt
    26|2: dirt
    26|3: dirt
    26|4: dirt
    26|5: dirt
    26|6: dirt
    26|7: dirt
    26|8: dirt
    26|9: dirt
    26|10: dirt
    26|11: dirt
    26|12: dirt
    26|13: dirt
    26|14: dirt
    26|15: dirt
    26|16: dirt
    26|17: dirt
    26|18: dirt
    26|19: dirt
    26|20: dirt
    26|21: dirt
    26|22: dirt
    26|23: dirt
    26|24: dirt
    26|25: dirt
    26|26: dirt
    26|27: dirt
    26|28: dirt
    26|29: dirt
    26|30: dirt
    26|31: dirt
    26|32: dirt
    26|33: dirt
    26|34: dirt
    26|35: dirt
    26|36: dirt
    26|37: dirt
    26|38: dirt
    26|39: dirt
    26|40: dirt
    27|1: dirt
    27|2: dirt
    27|3: dirt
    27|4: dirt
    27|5: dirt
    27|6: dirt
    27|7: dirt
    27|8: dirt
    27|9: dirt
    27|10: dirt
    27|11: dirt
    27|12: dirt
    27|13: dirt
    27|14: dirt
    27|15: dirt
    27|16: dirt
    27|17: dirt
    27|18: dirt
    27|19: dirt
    27|20: dirt
    27|21: dirt
    27|22: dirt
    27|23: dirt
    27|24: dirt
    27|25: dirt
    27|26: dirt
    27|27: dirt
    27|28: dirt
    27|29: dirt
    27|30: dirt
    27|31: dirt
    27|32: dirt
    27|33: dirt
    27|34: dirt
    27|35: dirt
    27|36: dirt
    27|37: dirt
    27|38: dirt
    27|39: dirt
    27|40: dirt
    28|1: dirt
    28|2: dirt
    28|3: dirt
    28|4: dirt
    28|5: dirt
    28|6: dirt
    28|7: dirt
    28|8: dirt
    28|9: dirt
    28|10: dirt
    28|11: dirt
    28|12: dirt
    28|13: dirt
    28|14: dirt
    28|15: dirt
    28|16: dirt
    28|17: dirt
    28|18: dirt
    28|19: dirt
    28|20: dirt
    28|21: dirt
    28|22: dirt
    28|23: dirt
    28|24: dirt
    28|25: dirt
    28|26: dirt
    28|27: dirt
    28|28: dirt
    28|29: dirt
    28|30: dirt
    28|31: dirt
    28|32: dirt
    28|33: dirt
    28|34: dirt
    28|35: dirt
    28|36: dirt
    28|37: dirt
    28|38: dirt
    28|39: dirt
    28|40: dirt
    29|1: dirt
    29|2: dirt
    29|3: dirt
    29|4: dirt
    29|5: dirt
    29|6: dirt
    29|7: dirt
    29|8: dirt
    29|9: dirt
    29|10: dirt
    29|11: dirt
    29|12: dirt
    29|13: dirt
    29|14: dirt
    29|15: dirt
    29|16: dirt
    29|17: dirt
    29|18: dirt
    29|19: dirt
    29|20: dirt
    29|21: dirt
    29|22: dirt
    29|23: dirt
    29|24: dirt
    29|25: dirt
    29|26: dirt
    29|27: dirt
    29|28: dirt
    29|29: dirt
    29|30: dirt
    29|31: dirt
    29|32: dirt
    29|33: dirt
    29|34: dirt
    29|35: dirt
    29|36: dirt
    29|37: dirt
    29|38: dirt
    29|39: dirt
    29|40: dirt
    30|1: dirt
    30|2: dirt
    30|3: dirt
    30|4: dirt
    30|5: dirt
    30|6: dirt
    30|7: dirt
    30|8: dirt
    30|9: dirt
    30|10: dirt
    30|11: dirt
    30|12: dirt
    30|13: dirt
    30|14: dirt
    30|15: dirt
    30|16: dirt
    30|17: dirt
    30|18: dirt
    30|19: dirt
    30|20: dirt
    30|21: dirt
    30|22: dirt
    30|23: dirt
    30|24: dirt
    30|25: dirt
    30|26: dirt
    30|27: dirt
    30|28: dirt
    30|29: dirt
    30|30: dirt
    30|31: dirt
    30|32: dirt
    30|33: dirt
    30|34: dirt
    30|35: dirt
    30|36: dirt
    30|37: dirt
    30|38: dirt
    30|39: dirt
    30|40: dirt
    31|1: dirt
    31|2: dirt
    31|3: dirt
    31|4: dirt
    31|5: dirt
    31|6: dirt
    31|7: dirt
    31|8: dirt
    31|9: dirt
    31|10: dirt
    31|11: dirt
    31|12: dirt
    31|13: dirt
    31|14: dirt
    31|15: dirt
    31|16: dirt
    31|17: dirt
    31|18: dirt
    31|19: dirt
    31|20: dirt
    31|21: dirt
    31|22: dirt
    31|23: dirt
    31|24: dirt
    31|25: dirt
    31|26: dirt
    31|27: dirt
    31|28: dirt
    31|29: dirt
    31|30: dirt
    31|31: dirt
    31|32: dirt
    31|33: dirt
    31|34: dirt
    31|35: dirt
    31|36: dirt
    31|37: dirt
    31|38: dirt
    31|39: dirt
    31|40: dirt
    32|1: dirt
    32|2: dirt
    32|3: dirt
    32|4: dirt
    32|5: dirt
    32|6: dirt
    32|7: dirt
    32|8: dirt
    32|9: dirt
    32|10: dirt
    32|11: dirt
    32|12: dirt
    32|13: dirt
    32|14: dirt
    32|15: dirt
    32|16: dirt
    32|17: dirt
    32|18: dirt
    32|19: dirt
    32|20: dirt
    32|21: dirt
    32|22: dirt
    32|23: dirt
    32|24: dirt
    32|25: dirt
    32|26: dirt
    32|27: dirt
    32|28: dirt
    32|29: dirt
    32|30: dirt
    32|31: dirt
    32|32: dirt
    32|33: dirt
    32|34: dirt
    32|35: dirt
    32|36: dirt
    32|37: dirt
    32|38: dirt
    32|39: dirt
    32|40: dirt
    33|1: dirt
    33|2: dirt
    33|3: dirt
    33|4: dirt
    33|5: dirt
    33|6: dirt
    33|7: dirt
    33|8: dirt
    33|9: dirt
    33|10: dirt
    33|11: dirt
    33|12: dirt
    33|13: dirt
    33|14: dirt
    33|15: dirt
    33|16: dirt
    33|17: dirt
    33|18: dirt
    33|19: dirt
    33|20: dirt
    33|21: dirt
    33|22: dirt
    33|23: dirt
    33|24: dirt
    33|25: dirt
    33|26: dirt
    33|27: dirt
    33|28: dirt
    33|29: dirt
    33|30: dirt
    33|31: dirt
    33|32: dirt
    33|33: dirt
    33|34: dirt
    33|35: dirt
    33|36: dirt
    33|37: dirt
    33|38: dirt
    33|39: dirt
    33|40: dirt
    34|1: dirt
    34|2: dirt
    34|3: dirt
    34|4: dirt
    34|5: dirt
    34|6: dirt
    34|7: dirt
    34|8: dirt
    34|9: dirt
    34|10: dirt
    34|11: dirt
    34|12: dirt
    34|13: dirt
    34|14: dirt
    34|15: dirt
    34|16: dirt
    34|17: dirt
    34|18: dirt
    34|19: dirt
    34|20: dirt
    34|21: dirt
    34|22: dirt
    34|23: dirt
    34|24: dirt
    34|25: dirt
    34|26: dirt
    34|27: dirt
    34|28: dirt
    34|29: dirt
    34|30: dirt
    34|31: dirt
    34|32: dirt
    34|33: dirt
    34|34: dirt
    34|35: dirt
    34|36: dirt
    34|37: dirt
    34|38: dirt
    34|39: dirt
    34|40: dirt
    35|1: dirt
    35|2: dirt
    35|3: dirt
    35|4: dirt
    35|5: dirt
    35|6: dirt
    35|7: dirt
    35|8: dirt
    35|9: dirt
    35|10: dirt
    35|11: dirt
    35|12: dirt
    35|13: dirt
    35|14: dirt
    35|15: dirt
    35|16: dirt
    35|17: dirt
    35|18: dirt
    35|19: dirt
    35|20: dirt
    35|21: dirt
    35|22: dirt
    35|23: dirt
    35|24: dirt
    35|25: dirt
    35|26: dirt
    35|27: dirt
    35|28: dirt
    35|29: dirt
    35|30: dirt
    35|31: dirt
    35|32: dirt
    35|33: dirt
    35|34: dirt
    35|35: dirt
    35|36: dirt
    35|37: dirt
    35|38: dirt
    35|39: dirt
    35|40: dirt
    36|1: dirt
    36|2: dirt
    36|3: dirt
    36|4: dirt
    36|5: dirt
    36|6: dirt
    36|7: dirt
    36|8: dirt
    36|9: dirt
    36|10: dirt
    36|11: dirt
    36|12: dirt
    36|13: dirt
    36|14: dirt
    36|15: dirt
    36|16: dirt
    36|17: dirt
    36|18: dirt
    36|19: dirt
    36|20: dirt
    36|21: dirt
    36|22: dirt
    36|23: dirt
    36|24: dirt
    36|25: dirt
    36|26: dirt
    36|27: dirt
    36|28: dirt
    36|29: dirt
    36|30: dirt
    36|31: dirt
    36|32: dirt
    36|33: dirt
    36|34: dirt
    36|35: dirt
    36|36: dirt
    36|37: dirt
    36|38: dirt
    36|39: dirt
    36|40: dirt
    37|1: dirt
    37|2: dirt
    37|3: dirt
    37|4: dirt
    37|5: dirt
    37|6: dirt
    37|7: dirt
    37|8: dirt
    37|9: dirt
    37|10: dirt
    37|11: dirt
    37|12: dirt
    37|13: dirt
    37|14: dirt
    37|15: dirt
    37|16: dirt
    37|17: dirt
    37|18: dirt
    37|19: dirt
    37|20: dirt
    37|21: dirt
    37|22: dirt
    37|23: dirt
    37|24: dirt
    37|25: dirt
    37|26: dirt
    37|27: dirt
    37|28: dirt
    37|29: dirt
    37|30: dirt
    37|31: dirt
    37|32: dirt
    37|33: dirt
    37|34: dirt
    37|35: dirt
    37|36: dirt
    37|37: dirt
    37|38: dirt
    37|39: dirt
    37|40: dirt
    38|1: dirt
    38|2: dirt
    38|3: dirt
    38|4: dirt
    38|5: dirt
    38|6: dirt
    38|7: dirt
    38|8: dirt
    38|9: dirt
    38|10: dirt
    38|11: dirt
    38|12: dirt
    38|13: dirt
    38|14: dirt
    38|15: dirt
    38|16: dirt
    38|17: dirt
    38|18: dirt
    38|19: dirt
    38|20: dirt
    38|21: dirt
    38|22: dirt
    38|23: dirt
    38|24: dirt
    38|25: dirt
    38|26: dirt
    38|27: dirt
    38|28: dirt
    38|29: dirt
    38|30: dirt
    38|31: dirt
    38|32: dirt
    38|33: dirt
    38|34: dirt
    38|35: dirt
    38|36: dirt
    38|37: dirt
    38|38: dirt
    38|39: dirt
    38|40: dirt
    39|1: dirt
    39|2: dirt
    39|3: dirt
    39|4: dirt
    39|5: dirt
    39|6: dirt
    39|7: dirt
    39|8: dirt
    39|9: dirt
    39|10: dirt
    39|11: dirt
    39|12: dirt
    39|13: dirt
    39|14: dirt
    39|15: dirt
    39|16: dirt
    39|17: dirt
    39|18: dirt
    39|19: dirt
    39|20: dirt
    39|21: dirt
    39|22: dirt
    39|23: dirt
    39|24: dirt
    39|25: dirt
    39|26: dirt
    39|27: dirt
    39|28: dirt
    39|29: dirt
    39|30: dirt
    39|31: dirt
    39|32: dirt
    39|33: dirt
    39|34: dirt
    39|35: dirt
    39|36: dirt
    39|37: dirt
    39|38: dirt
    39|39: dirt
    39|40: dirt
    40|1: dirt
    40|2: dirt
    40|3: dirt
    40|4: dirt
    40|5: dirt
    40|6: dirt
    40|7: dirt
    40|8: dirt
    40|9: dirt
    40|10: dirt
    40|11: dirt
    40|12: dirt
    40|13: dirt
    40|14: dirt
    40|15: dirt
    40|16: dirt
    40|17: dirt
    40|18: dirt
    40|19: dirt
    40|20: dirt
    40|21: dirt
    40|22: dirt
    40|23: dirt
    40|24: dirt
    40|25: dirt
    40|26: dirt
    40|27: dirt
    40|28: dirt
    40|29: dirt
    40|30: dirt
    40|31: dirt
    40|32: dirt
    40|33: dirt
    40|34: dirt
    40|35: dirt
    40|36: dirt
    40|37: dirt
    40|38: dirt
    40|39: dirt
    40|40: dirt
